------------------------------------------------------------
Timing Analyzer Summary
------------------------------------------------------------

Type  : Slow 1200mV 85C Model Setup 'pll1_inst|altpll_component|auto_generated|pll1|clk[0]'
Slack : 0.242
TNS   : 0.000

Type  : Slow 1200mV 85C Model Hold 'pll1_inst|altpll_component|auto_generated|pll1|clk[0]'
Slack : 0.415
TNS   : 0.000

Type  : Slow 1200mV 85C Model Minimum Pulse Width 'pll1_inst|altpll_component|auto_generated|pll1|clk[0]'
Slack : 7.937
TNS   : 0.000

Type  : Slow 1200mV 85C Model Minimum Pulse Width 'MAX10_CLK1_50'
Slack : 9.873
TNS   : 0.000

Type  : Slow 1200mV 0C Model Setup 'pll1_inst|altpll_component|auto_generated|pll1|clk[0]'
Slack : 0.860
TNS   : 0.000

Type  : Slow 1200mV 0C Model Hold 'pll1_inst|altpll_component|auto_generated|pll1|clk[0]'
Slack : 0.336
TNS   : 0.000

Type  : Slow 1200mV 0C Model Minimum Pulse Width 'pll1_inst|altpll_component|auto_generated|pll1|clk[0]'
Slack : 8.041
TNS   : 0.000

Type  : Slow 1200mV 0C Model Minimum Pulse Width 'MAX10_CLK1_50'
Slack : 9.894
TNS   : 0.000

Type  : Fast 1200mV 0C Model Setup 'pll1_inst|altpll_component|auto_generated|pll1|clk[0]'
Slack : 4.822
TNS   : 0.000

Type  : Fast 1200mV 0C Model Hold 'pll1_inst|altpll_component|auto_generated|pll1|clk[0]'
Slack : 0.207
TNS   : 0.000

Type  : Fast 1200mV 0C Model Minimum Pulse Width 'pll1_inst|altpll_component|auto_generated|pll1|clk[0]'
Slack : 7.912
TNS   : 0.000

Type  : Fast 1200mV 0C Model Minimum Pulse Width 'MAX10_CLK1_50'
Slack : 9.666
TNS   : 0.000

------------------------------------------------------------
