------------------------------------------------------------
Timing Analyzer Summary
------------------------------------------------------------

Type  : Slow 1200mV 85C Model Setup 'pll1_inst|altpll_component|auto_generated|pll1|clk[0]'
Slack : 0.312
TNS   : 0.000

Type  : Slow 1200mV 85C Model Hold 'pll1_inst|altpll_component|auto_generated|pll1|clk[0]'
Slack : 0.419
TNS   : 0.000

Type  : Slow 1200mV 85C Model Minimum Pulse Width 'pll1_inst|altpll_component|auto_generated|pll1|clk[0]'
Slack : 8.007
TNS   : 0.000

Type  : Slow 1200mV 85C Model Minimum Pulse Width 'MAX10_CLK1_50'
Slack : 9.873
TNS   : 0.000

Type  : Slow 1200mV 0C Model Setup 'pll1_inst|altpll_component|auto_generated|pll1|clk[0]'
Slack : 0.928
TNS   : 0.000

Type  : Slow 1200mV 0C Model Hold 'pll1_inst|altpll_component|auto_generated|pll1|clk[0]'
Slack : 0.339
TNS   : 0.000

Type  : Slow 1200mV 0C Model Minimum Pulse Width 'pll1_inst|altpll_component|auto_generated|pll1|clk[0]'
Slack : 8.039
TNS   : 0.000

Type  : Slow 1200mV 0C Model Minimum Pulse Width 'MAX10_CLK1_50'
Slack : 9.894
TNS   : 0.000

Type  : Fast 1200mV 0C Model Setup 'pll1_inst|altpll_component|auto_generated|pll1|clk[0]'
Slack : 4.951
TNS   : 0.000

Type  : Fast 1200mV 0C Model Hold 'pll1_inst|altpll_component|auto_generated|pll1|clk[0]'
Slack : 0.209
TNS   : 0.000

Type  : Fast 1200mV 0C Model Minimum Pulse Width 'pll1_inst|altpll_component|auto_generated|pll1|clk[0]'
Slack : 7.946
TNS   : 0.000

Type  : Fast 1200mV 0C Model Minimum Pulse Width 'MAX10_CLK1_50'
Slack : 9.666
TNS   : 0.000

------------------------------------------------------------
